
> jarvis-frontend@0.1.0 dev
> vite


  VITE v6.4.1  ready in 85 ms

  ➜  Local:   http://localhost:5173/
  ➜  Network: use --host to expose

> jarvis-frontend@0.1.0 dev
> vite


  VITE v6.4.1  ready in 85 ms

  ➜  Local:   http://localhost:5173/
  ➜  Network: use --host to expose
10:15:43 PM [vite] (client) page reload index.html
10:16:28 PM [vite] (client) page reload src/main.ts
10:16:32 PM [vite] (client) page reload src/main.ts
10:16:40 PM [vite] (client) page reload src/main.ts
10:33:25 PM [vite] vite.config.ts changed, restarting server...
10:33:25 PM [vite] server restarted.

> jarvis-frontend@0.1.0 dev
> vite


  VITE v6.4.1  ready in 114 ms

  ➜  Local:   http://localhost:5173/
  ➜  Network: use --host to expose
10:57:40 PM [vite] (client) page reload index.html
10:57:58 PM [vite] (client) page reload src/main.ts
10:58:08 PM [vite] (client) page reload src/main.ts
10:58:15 PM [vite] (client) page reload src/main.ts
